[
  {
    "id": "12345",
    "name": "cheese",
    "orderedQuantity": 4
  },
  {
    "id": "2",
    "name": "item 2",
    "orderedQuantity": 5
  }
]