[
  {
    "id": "123",
    "name": "cheese",
    "orderedQuantity": 10
  }
]